// Jest Snapshot v1, https://goo.gl/fbAQLP

exports[`AddFood has a form 1`] = `
<div>
  <label>
    Food to add:
    <input
      onChange={[Function]}
      type="text"
      value=""
    />
  </label>
  <button
    className="add-food"
    onClick={[Function]}
  >
    Add Food
  </button>
</div>
`;
