// Jest Snapshot v1, https://goo.gl/fbAQLP

exports[`renders the list 1`] = `
<ul>
  You need a more varied diet!
</ul>
`;

exports[`renders the list with items 1`] = `
<ul>
  <li>
    <p>
      apple
    </p>
  </li>
  <li>
    <p>
      potato
    </p>
  </li>
</ul>
`;
